C:\ARTR\Assignments\ARTR01-039\01-Vulkan\01-Windows\10-Lights\01-DiffuseLight-Cube>VK.exe

C:\ARTR\Assignments\ARTR01-039\01-Vulkan\01-Windows\10-Lights\01-DiffuseLight-Cube>build.bat

C:\ARTR\Assignments\ARTR01-039\01-Vulkan\01-Windows\10-Lights\01-DiffuseLight-Cube>del VK.exe

C:\ARTR\Assignments\ARTR01-039\01-Vulkan\01-Windows\10-Lights\01-DiffuseLight-Cube>del VK.obj

C:\ARTR\Assignments\ARTR01-039\01-Vulkan\01-Windows\10-Lights\01-DiffuseLight-Cube>cl.exe /c /EHsc /I "C:\VulkanSDK\Vulkan\Include" VK.cpp
Microsoft (R) C/C++ Optimizing Compiler Version 19.44.35211 for x64
Copyright (C) Microsoft Corporation.  All rights reserved.

VK.cpp

C:\ARTR\Assignments\ARTR01-039\01-Vulkan\01-Windows\10-Lights\01-DiffuseLight-Cube>rc.exe VK.rc
Microsoft (R) Windows (R) Resource Compiler Version 10.0.10011.16384
Copyright (C) Microsoft Corporation.  All rights reserved.


C:\ARTR\Assignments\ARTR01-039\01-Vulkan\01-Windows\10-Lights\01-DiffuseLight-Cube>link.exe VK.obj VK.res /LIBPATH:C:\VulkanSDK\Vulkan\Lib user32.lib gdi32.lib /SUBSYSTEM:WINDOWS
Microsoft (R) Incremental Linker Version 14.44.35211.0
Copyright (C) Microsoft Corporation.  All rights reserved.


C:\ARTR\Assignments\ARTR01-039\01-Vulkan\01-Windows\10-Lights\01-DiffuseLight-Cube>build.bat

C:\ARTR\Assignments\ARTR01-039\01-Vulkan\01-Windows\10-Lights\01-DiffuseLight-Cube>del VK.exe

C:\ARTR\Assignments\ARTR01-039\01-Vulkan\01-Windows\10-Lights\01-DiffuseLight-Cube>del VK.obj

C:\ARTR\Assignments\ARTR01-039\01-Vulkan\01-Windows\10-Lights\01-DiffuseLight-Cube>cl.exe /c /EHsc /I "C:\VulkanSDK\Vulkan\Include" VK.cpp
Microsoft (R) C/C++ Optimizing Compiler Version 19.44.35211 for x64
Copyright (C) Microsoft Corporation.  All rights reserved.

VK.cpp

C:\ARTR\Assignments\ARTR01-039\01-Vulkan\01-Windows\10-Lights\01-DiffuseLight-Cube>rc.exe VK.rc
Microsoft (R) Windows (R) Resource Compiler Version 10.0.10011.16384
Copyright (C) Microsoft Corporation.  All rights reserved.


C:\ARTR\Assignments\ARTR01-039\01-Vulkan\01-Windows\10-Lights\01-DiffuseLight-Cube>link.exe VK.obj VK.res /LIBPATH:C:\VulkanSDK\Vulkan\Lib user32.lib gdi32.lib /SUBSYSTEM:WINDOWS
Microsoft (R) Incremental Linker Version 14.44.35211.0
Copyright (C) Microsoft Corporation.  All rights reserved.


C:\ARTR\Assignments\ARTR01-039\01-Vulkan\01-Windows\10-Lights\01-DiffuseLight-Cube>cd Shaders

C:\ARTR\Assignments\ARTR01-039\01-Vulkan\01-Windows\10-Lights\01-DiffuseLight-Cube\Shaders>C:\VulkanSDK\Vulkan\Bin\glslangValidator.exe -V -H -o Shader.frag.spv Shader.frag
Shader.frag
// Module Version 10000
// Generated by (magic number): 8000b
// Id's are bound by 19

                              Capability Shader
               1:             ExtInstImport  "GLSL.std.450"
                              MemoryModel Logical GLSL450
                              EntryPoint Fragment 4  "main" 9 12
                              ExecutionMode 4 OriginUpperLeft
                              Source GLSL 450
                              SourceExtension  "GL_ARB_separate_shader_objects"
                              Name 4  "main"
                              Name 9  "FragColor"
                              Name 12  "outDiffuseLight"
                              Decorate 9(FragColor) Location 0
                              Decorate 12(outDiffuseLight) Location 0
               2:             TypeVoid
               3:             TypeFunction 2
               6:             TypeFloat 32
               7:             TypeVector 6(float) 4
               8:             TypePointer Output 7(fvec4)
    9(FragColor):      8(ptr) Variable Output
              10:             TypeVector 6(float) 3
              11:             TypePointer Input 10(fvec3)
12(outDiffuseLight):     11(ptr) Variable Input
              14:    6(float) Constant 1065353216
         4(main):           2 Function None 3
               5:             Label
              13:   10(fvec3) Load 12(outDiffuseLight)
              15:    6(float) CompositeExtract 13 0
              16:    6(float) CompositeExtract 13 1
              17:    6(float) CompositeExtract 13 2
              18:    7(fvec4) CompositeConstruct 15 16 17 14
                              Store 9(FragColor) 18
                              Return
                              FunctionEnd

C:\ARTR\Assignments\ARTR01-039\01-Vulkan\01-Windows\10-Lights\01-DiffuseLight-Cube\Shaders>C:\VulkanSDK\Vulkan\Bin\glslangValidator.exe -V -H -o Shader.vert.spv Shader.vert
Shader.vert
ERROR: Shader.vert:38: '' :  syntax error, unexpected IDENTIFIER, expecting COMMA or SEMICOLON
ERROR: 1 compilation errors.  No code generated.


SPIR-V is not generated for failed compile or link

C:\ARTR\Assignments\ARTR01-039\01-Vulkan\01-Windows\10-Lights\01-DiffuseLight-Cube\Shaders>C:\VulkanSDK\Vulkan\Bin\glslangValidator.exe -V -H -o Shader.vert.spv Shader.vert
Shader.vert
// Module Version 10000
// Generated by (magic number): 8000b
// Id's are bound by 118

                              Capability Shader
               1:             ExtInstImport  "GLSL.std.450"
                              MemoryModel Logical GLSL450
                              EntryPoint Vertex 4  "main" 13 32 76 93
                              Source GLSL 450
                              SourceExtension  "GL_ARB_separate_shader_objects"
                              Name 4  "main"
                              Name 11  "gl_PerVertex"
                              MemberName 11(gl_PerVertex) 0  "gl_Position"
                              MemberName 11(gl_PerVertex) 1  "gl_PointSize"
                              MemberName 11(gl_PerVertex) 2  "gl_ClipDistance"
                              MemberName 11(gl_PerVertex) 3  "gl_CullDistance"
                              Name 13  ""
                              Name 17  "myuniformData"
                              MemberName 17(myuniformData) 0  "modelMatrix"
                              MemberName 17(myuniformData) 1  "viewMatrix"
                              MemberName 17(myuniformData) 2  "projectionMatrix"
                              MemberName 17(myuniformData) 3  "lightDiffuse"
                              MemberName 17(myuniformData) 4  "lightPosition"
                              MemberName 17(myuniformData) 5  "materialDiffuse"
                              MemberName 17(myuniformData) 6  "lKeyIsPressed"
                              Name 19  "uMyuniformData"
                              Name 32  "vPosition"
                              Name 46  "iCoordinates"
                              Name 57  "normalMatrix"
                              Name 73  "transformedNormal"
                              Name 76  "vNormal"
                              Name 80  "lightSource"
                              Name 93  "outDiffuseLight"
                              Decorate 11(gl_PerVertex) Block
                              MemberDecorate 11(gl_PerVertex) 0 BuiltIn Position
                              MemberDecorate 11(gl_PerVertex) 1 BuiltIn PointSize
                              MemberDecorate 11(gl_PerVertex) 2 BuiltIn ClipDistance
                              MemberDecorate 11(gl_PerVertex) 3 BuiltIn CullDistance
                              Decorate 17(myuniformData) Block
                              MemberDecorate 17(myuniformData) 0 ColMajor
                              MemberDecorate 17(myuniformData) 0 MatrixStride 16
                              MemberDecorate 17(myuniformData) 0 Offset 0
                              MemberDecorate 17(myuniformData) 1 ColMajor
                              MemberDecorate 17(myuniformData) 1 MatrixStride 16
                              MemberDecorate 17(myuniformData) 1 Offset 64
                              MemberDecorate 17(myuniformData) 2 ColMajor
                              MemberDecorate 17(myuniformData) 2 MatrixStride 16
                              MemberDecorate 17(myuniformData) 2 Offset 128
                              MemberDecorate 17(myuniformData) 3 Offset 192
                              MemberDecorate 17(myuniformData) 4 Offset 208
                              MemberDecorate 17(myuniformData) 5 Offset 224
                              MemberDecorate 17(myuniformData) 6 Offset 240
                              Decorate 19(uMyuniformData) Binding 0
                              Decorate 19(uMyuniformData) DescriptorSet 0
                              Decorate 32(vPosition) Location 0
                              Decorate 76(vNormal) Location 1
                              Decorate 93(outDiffuseLight) Location 0
               2:             TypeVoid
               3:             TypeFunction 2
               6:             TypeFloat 32
               7:             TypeVector 6(float) 4
               8:             TypeInt 32 0
               9:      8(int) Constant 1
              10:             TypeArray 6(float) 9
11(gl_PerVertex):             TypeStruct 7(fvec4) 6(float) 10 10
              12:             TypePointer Output 11(gl_PerVertex)
              13:     12(ptr) Variable Output
              14:             TypeInt 32 1
              15:     14(int) Constant 0
              16:             TypeMatrix 7(fvec4) 4
17(myuniformData):             TypeStruct 16 16 16 7(fvec4) 7(fvec4) 7(fvec4) 8(int)
              18:             TypePointer Uniform 17(myuniformData)
19(uMyuniformData):     18(ptr) Variable Uniform
              20:     14(int) Constant 2
              21:             TypePointer Uniform 16
              24:     14(int) Constant 1
              31:             TypePointer Input 7(fvec4)
   32(vPosition):     31(ptr) Variable Input
              35:             TypePointer Output 7(fvec4)
              37:     14(int) Constant 6
              38:             TypePointer Uniform 8(int)
              41:             TypeBool
              45:             TypePointer Function 7(fvec4)
              54:             TypeVector 6(float) 3
              55:             TypeMatrix 54(fvec3) 3
              56:             TypePointer Function 55
              72:             TypePointer Function 54(fvec3)
              75:             TypePointer Input 54(fvec3)
     76(vNormal):     75(ptr) Variable Input
              81:     14(int) Constant 4
              82:             TypePointer Uniform 7(fvec4)
              92:             TypePointer Output 54(fvec3)
93(outDiffuseLight):     92(ptr) Variable Output
              94:     14(int) Constant 3
             101:     14(int) Constant 5
             112:    6(float) Constant 0
             116:    6(float) Constant 1065353216
             117:   54(fvec3) ConstantComposite 116 116 116
         4(main):           2 Function None 3
               5:             Label
46(iCoordinates):     45(ptr) Variable Function
57(normalMatrix):     56(ptr) Variable Function
73(transformedNormal):     72(ptr) Variable Function
 80(lightSource):     72(ptr) Variable Function
              22:     21(ptr) AccessChain 19(uMyuniformData) 20
              23:          16 Load 22
              25:     21(ptr) AccessChain 19(uMyuniformData) 24
              26:          16 Load 25
              27:          16 MatrixTimesMatrix 23 26
              28:     21(ptr) AccessChain 19(uMyuniformData) 15
              29:          16 Load 28
              30:          16 MatrixTimesMatrix 27 29
              33:    7(fvec4) Load 32(vPosition)
              34:    7(fvec4) MatrixTimesVector 30 33
              36:     35(ptr) AccessChain 13 15
                              Store 36 34
              39:     38(ptr) AccessChain 19(uMyuniformData) 37
              40:      8(int) Load 39
              42:    41(bool) IEqual 9 40
                              SelectionMerge 44 None
                              BranchConditional 42 43 115
              43:               Label
              47:     21(ptr)   AccessChain 19(uMyuniformData) 24
              48:          16   Load 47
              49:     21(ptr)   AccessChain 19(uMyuniformData) 15
              50:          16   Load 49
              51:          16   MatrixTimesMatrix 48 50
              52:    7(fvec4)   Load 32(vPosition)
              53:    7(fvec4)   MatrixTimesVector 51 52
                                Store 46(iCoordinates) 53
              58:     21(ptr)   AccessChain 19(uMyuniformData) 24
              59:          16   Load 58
              60:     21(ptr)   AccessChain 19(uMyuniformData) 15
              61:          16   Load 60
              62:          16   MatrixTimesMatrix 59 61
              63:          16   ExtInst 1(GLSL.std.450) 34(MatrixInverse) 62
              64:          16   Transpose 63
              65:    7(fvec4)   CompositeExtract 64 0
              66:   54(fvec3)   VectorShuffle 65 65 0 1 2
              67:    7(fvec4)   CompositeExtract 64 1
              68:   54(fvec3)   VectorShuffle 67 67 0 1 2
              69:    7(fvec4)   CompositeExtract 64 2
              70:   54(fvec3)   VectorShuffle 69 69 0 1 2
              71:          55   CompositeConstruct 66 68 70
                                Store 57(normalMatrix) 71
              74:          55   Load 57(normalMatrix)
              77:   54(fvec3)   Load 76(vNormal)
              78:   54(fvec3)   MatrixTimesVector 74 77
              79:   54(fvec3)   ExtInst 1(GLSL.std.450) 69(Normalize) 78
                                Store 73(transformedNormal) 79
              83:     82(ptr)   AccessChain 19(uMyuniformData) 81
              84:    7(fvec4)   Load 83
              85:    7(fvec4)   Load 46(iCoordinates)
              86:    7(fvec4)   FSub 84 85
              87:    6(float)   CompositeExtract 86 0
              88:    6(float)   CompositeExtract 86 1
              89:    6(float)   CompositeExtract 86 2
              90:   54(fvec3)   CompositeConstruct 87 88 89
              91:   54(fvec3)   ExtInst 1(GLSL.std.450) 69(Normalize) 90
                                Store 80(lightSource) 91
              95:     82(ptr)   AccessChain 19(uMyuniformData) 94
              96:    7(fvec4)   Load 95
              97:    6(float)   CompositeExtract 96 0
              98:    6(float)   CompositeExtract 96 1
              99:    6(float)   CompositeExtract 96 2
             100:   54(fvec3)   CompositeConstruct 97 98 99
             102:     82(ptr)   AccessChain 19(uMyuniformData) 101
             103:    7(fvec4)   Load 102
             104:    6(float)   CompositeExtract 103 0
             105:    6(float)   CompositeExtract 103 1
             106:    6(float)   CompositeExtract 103 2
             107:   54(fvec3)   CompositeConstruct 104 105 106
             108:   54(fvec3)   FMul 100 107
             109:   54(fvec3)   Load 80(lightSource)
             110:   54(fvec3)   Load 73(transformedNormal)
             111:    6(float)   Dot 109 110
             113:    6(float)   ExtInst 1(GLSL.std.450) 40(FMax) 111 112
             114:   54(fvec3)   VectorTimesScalar 108 113
                                Store 93(outDiffuseLight) 114
                                Branch 44
             115:               Label
                                Store 93(outDiffuseLight) 117
                                Branch 44
              44:             Label
                              Return
                              FunctionEnd

C:\ARTR\Assignments\ARTR01-039\01-Vulkan\01-Windows\10-Lights\01-DiffuseLight-Cube\Shaders>cd ..

C:\ARTR\Assignments\ARTR01-039\01-Vulkan\01-Windows\10-Lights\01-DiffuseLight-Cube>build.bat

C:\ARTR\Assignments\ARTR01-039\01-Vulkan\01-Windows\10-Lights\01-DiffuseLight-Cube>del VK.exe

C:\ARTR\Assignments\ARTR01-039\01-Vulkan\01-Windows\10-Lights\01-DiffuseLight-Cube>del VK.obj

C:\ARTR\Assignments\ARTR01-039\01-Vulkan\01-Windows\10-Lights\01-DiffuseLight-Cube>cl.exe /c /EHsc /I "C:\VulkanSDK\Vulkan\Include" VK.cpp
Microsoft (R) C/C++ Optimizing Compiler Version 19.44.35211 for x64
Copyright (C) Microsoft Corporation.  All rights reserved.

VK.cpp

C:\ARTR\Assignments\ARTR01-039\01-Vulkan\01-Windows\10-Lights\01-DiffuseLight-Cube>rc.exe VK.rc
Microsoft (R) Windows (R) Resource Compiler Version 10.0.10011.16384
Copyright (C) Microsoft Corporation.  All rights reserved.


C:\ARTR\Assignments\ARTR01-039\01-Vulkan\01-Windows\10-Lights\01-DiffuseLight-Cube>link.exe VK.obj VK.res /LIBPATH:C:\VulkanSDK\Vulkan\Lib user32.lib gdi32.lib /SUBSYSTEM:WINDOWS
Microsoft (R) Incremental Linker Version 14.44.35211.0
Copyright (C) Microsoft Corporation.  All rights reserved.


C:\ARTR\Assignments\ARTR01-039\01-Vulkan\01-Windows\10-Lights\01-DiffuseLight-Cube>VK.exe

C:\ARTR\Assignments\ARTR01-039\01-Vulkan\01-Windows\10-Lights\01-DiffuseLight-Cube>build.bat

C:\ARTR\Assignments\ARTR01-039\01-Vulkan\01-Windows\10-Lights\01-DiffuseLight-Cube>del VK.exe

C:\ARTR\Assignments\ARTR01-039\01-Vulkan\01-Windows\10-Lights\01-DiffuseLight-Cube>del VK.obj

C:\ARTR\Assignments\ARTR01-039\01-Vulkan\01-Windows\10-Lights\01-DiffuseLight-Cube>cl.exe /c /EHsc /I "C:\VulkanSDK\Vulkan\Include" VK.cpp
Microsoft (R) C/C++ Optimizing Compiler Version 19.44.35211 for x64
Copyright (C) Microsoft Corporation.  All rights reserved.

VK.cpp

C:\ARTR\Assignments\ARTR01-039\01-Vulkan\01-Windows\10-Lights\01-DiffuseLight-Cube>rc.exe VK.rc
Microsoft (R) Windows (R) Resource Compiler Version 10.0.10011.16384
Copyright (C) Microsoft Corporation.  All rights reserved.


C:\ARTR\Assignments\ARTR01-039\01-Vulkan\01-Windows\10-Lights\01-DiffuseLight-Cube>link.exe VK.obj VK.res /LIBPATH:C:\VulkanSDK\Vulkan\Lib user32.lib gdi32.lib /SUBSYSTEM:WINDOWS
Microsoft (R) Incremental Linker Version 14.44.35211.0
Copyright (C) Microsoft Corporation.  All rights reserved.


C:\ARTR\Assignments\ARTR01-039\01-Vulkan\01-Windows\10-Lights\01-DiffuseLight-Cube>VK.exe

C:\ARTR\Assignments\ARTR01-039\01-Vulkan\01-Windows\10-Lights\01-DiffuseLight-Cube>build.bat

C:\ARTR\Assignments\ARTR01-039\01-Vulkan\01-Windows\10-Lights\01-DiffuseLight-Cube>del VK.exe
C:\ARTR\Assignments\ARTR01-039\01-Vulkan\01-Windows\10-Lights\01-DiffuseLight-Cube\VK.exe
Access is denied.

C:\ARTR\Assignments\ARTR01-039\01-Vulkan\01-Windows\10-Lights\01-DiffuseLight-Cube>del VK.obj

C:\ARTR\Assignments\ARTR01-039\01-Vulkan\01-Windows\10-Lights\01-DiffuseLight-Cube>cl.exe /c /EHsc /I "C:\VulkanSDK\Vulkan\Include" VK.cpp
Microsoft (R) C/C++ Optimizing Compiler Version 19.44.35211 for x64
Copyright (C) Microsoft Corporation.  All rights reserved.

VK.cpp

C:\ARTR\Assignments\ARTR01-039\01-Vulkan\01-Windows\10-Lights\01-DiffuseLight-Cube>rc.exe VK.rc
Microsoft (R) Windows (R) Resource Compiler Version 10.0.10011.16384
Copyright (C) Microsoft Corporation.  All rights reserved.


C:\ARTR\Assignments\ARTR01-039\01-Vulkan\01-Windows\10-Lights\01-DiffuseLight-Cube>link.exe VK.obj VK.res /LIBPATH:C:\VulkanSDK\Vulkan\Lib user32.lib gdi32.lib /SUBSYSTEM:WINDOWS
Microsoft (R) Incremental Linker Version 14.44.35211.0
Copyright (C) Microsoft Corporation.  All rights reserved.

LINK : fatal error LNK1104: cannot open file 'VK.exe'

C:\ARTR\Assignments\ARTR01-039\01-Vulkan\01-Windows\10-Lights\01-DiffuseLight-Cube>build.bat

C:\ARTR\Assignments\ARTR01-039\01-Vulkan\01-Windows\10-Lights\01-DiffuseLight-Cube>del VK.exe

C:\ARTR\Assignments\ARTR01-039\01-Vulkan\01-Windows\10-Lights\01-DiffuseLight-Cube>del VK.obj

C:\ARTR\Assignments\ARTR01-039\01-Vulkan\01-Windows\10-Lights\01-DiffuseLight-Cube>cl.exe /c /EHsc /I "C:\VulkanSDK\Vulkan\Include" VK.cpp
Microsoft (R) C/C++ Optimizing Compiler Version 19.44.35211 for x64
Copyright (C) Microsoft Corporation.  All rights reserved.

VK.cpp

C:\ARTR\Assignments\ARTR01-039\01-Vulkan\01-Windows\10-Lights\01-DiffuseLight-Cube>rc.exe VK.rc
Microsoft (R) Windows (R) Resource Compiler Version 10.0.10011.16384
Copyright (C) Microsoft Corporation.  All rights reserved.


C:\ARTR\Assignments\ARTR01-039\01-Vulkan\01-Windows\10-Lights\01-DiffuseLight-Cube>link.exe VK.obj VK.res /LIBPATH:C:\VulkanSDK\Vulkan\Lib user32.lib gdi32.lib /SUBSYSTEM:WINDOWS
Microsoft (R) Incremental Linker Version 14.44.35211.0
Copyright (C) Microsoft Corporation.  All rights reserved.


C:\ARTR\Assignments\ARTR01-039\01-Vulkan\01-Windows\10-Lights\01-DiffuseLight-Cube>VK.exe


[TS_VALIDATION]: debugReportCallback() -> Validation (0) = vkCmdDraw(): the last bound pipeline has pVertexBindingDescriptions[1].binding (1) which didn't have a buffer bound from any vkCmdBindVertexBuffers call in this command buffer.
The Vulkan spec states: All vertex input bindings accessed via vertex input variables declared in the vertex shader entry point's interface must have either valid or VK_NULL_HANDLE buffers bound (https://vulkan.lunarg.com/doc/view/1.4.313.2/windows/antora/spec/latest/chapters/drawing.html#VUID-vkCmdDraw-None-04007)

Solution: VkCmdBindVertexBuffers() cha 2nd param ani vertex buffer madhye eka thikaani 0 cha 1 karaych raahilaa hota